[
  {
    "date": "2018-04-21",
    "minTemp": 27.34,
    "maxTemp": 29
  },
  {
    "date": "2018-04-22",
    "minTemp": 27.61,
    "maxTemp": 35.38
  },
  {
    "date": "2018-04-23",
    "minTemp": 27.94,
    "maxTemp": 36.35
  },
  {
    "date": "2018-04-24",
    "minTemp": 28.19,
    "maxTemp": 37.17
  },
  {
    "date": "2018-04-25",
    "minTemp": 27.88,
    "maxTemp": 36.23
  },
  {
    "date": "2018-04-26",
    "minTemp": 26.72,
    "maxTemp": 36.2
  },
  {
    "date": "2018-04-27",
    "minTemp": 25.71,
    "maxTemp": 34.49
  }
]
